// Jest Snapshot v1, https://goo.gl/fbAQLP

exports[`Form tests matches snapshot 1`] = `
Object {
  "asFragment": [Function],
  "baseElement": <body>
    <div>
      <form
        class="Message-form"
      >
        <div
          class="MuiFormControl-root MuiTextField-root Text-field css-1u3bzj6-MuiFormControl-root-MuiTextField-root"
        >
          <label
            class="MuiInputLabel-root MuiInputLabel-formControl MuiInputLabel-animated MuiInputLabel-shrink MuiInputLabel-standard MuiFormLabel-root MuiFormLabel-colorPrimary Mui-focused css-1c2i806-MuiFormLabel-root-MuiInputLabel-root"
            data-shrink="true"
            for="standard-basic"
            id="standard-basic-label"
          >
            Message
          </label>
          <div
            class="MuiInput-root MuiInput-underline MuiInputBase-root MuiInputBase-colorPrimary Mui-focused MuiInputBase-formControl css-1480iag-MuiInputBase-root-MuiInput-root"
          >
            <input
              aria-invalid="false"
              class="MuiInput-input MuiInputBase-input css-1x51dt5-MuiInputBase-input-MuiInput-input"
              id="standard-basic"
              type="text"
              value=""
            />
          </div>
        </div>
        <button
          class="MuiButton-root MuiButton-outlined MuiButton-outlinedPrimary MuiButton-sizeMedium MuiButton-outlinedSizeMedium MuiButtonBase-root css-1rwt2y5-MuiButtonBase-root-MuiButton-root"
          tabindex="0"
          type="submit"
        >
          Send
          <span
            class="MuiTouchRipple-root css-8je8zh-MuiTouchRipple-root"
          />
        </button>
      </form>
    </div>
  </body>,
  "container": <div>
    <form
      class="Message-form"
    >
      <div
        class="MuiFormControl-root MuiTextField-root Text-field css-1u3bzj6-MuiFormControl-root-MuiTextField-root"
      >
        <label
          class="MuiInputLabel-root MuiInputLabel-formControl MuiInputLabel-animated MuiInputLabel-shrink MuiInputLabel-standard MuiFormLabel-root MuiFormLabel-colorPrimary Mui-focused css-1c2i806-MuiFormLabel-root-MuiInputLabel-root"
          data-shrink="true"
          for="standard-basic"
          id="standard-basic-label"
        >
          Message
        </label>
        <div
          class="MuiInput-root MuiInput-underline MuiInputBase-root MuiInputBase-colorPrimary Mui-focused MuiInputBase-formControl css-1480iag-MuiInputBase-root-MuiInput-root"
        >
          <input
            aria-invalid="false"
            class="MuiInput-input MuiInputBase-input css-1x51dt5-MuiInputBase-input-MuiInput-input"
            id="standard-basic"
            type="text"
            value=""
          />
        </div>
      </div>
      <button
        class="MuiButton-root MuiButton-outlined MuiButton-outlinedPrimary MuiButton-sizeMedium MuiButton-outlinedSizeMedium MuiButtonBase-root css-1rwt2y5-MuiButtonBase-root-MuiButton-root"
        tabindex="0"
        type="submit"
      >
        Send
        <span
          class="MuiTouchRipple-root css-8je8zh-MuiTouchRipple-root"
        />
      </button>
    </form>
  </div>,
  "debug": [Function],
  "findAllByAltText": [Function],
  "findAllByDisplayValue": [Function],
  "findAllByLabelText": [Function],
  "findAllByPlaceholderText": [Function],
  "findAllByRole": [Function],
  "findAllByTestId": [Function],
  "findAllByText": [Function],
  "findAllByTitle": [Function],
  "findByAltText": [Function],
  "findByDisplayValue": [Function],
  "findByLabelText": [Function],
  "findByPlaceholderText": [Function],
  "findByRole": [Function],
  "findByTestId": [Function],
  "findByText": [Function],
  "findByTitle": [Function],
  "getAllByAltText": [Function],
  "getAllByDisplayValue": [Function],
  "getAllByLabelText": [Function],
  "getAllByPlaceholderText": [Function],
  "getAllByRole": [Function],
  "getAllByTestId": [Function],
  "getAllByText": [Function],
  "getAllByTitle": [Function],
  "getByAltText": [Function],
  "getByDisplayValue": [Function],
  "getByLabelText": [Function],
  "getByPlaceholderText": [Function],
  "getByRole": [Function],
  "getByTestId": [Function],
  "getByText": [Function],
  "getByTitle": [Function],
  "queryAllByAltText": [Function],
  "queryAllByDisplayValue": [Function],
  "queryAllByLabelText": [Function],
  "queryAllByPlaceholderText": [Function],
  "queryAllByRole": [Function],
  "queryAllByTestId": [Function],
  "queryAllByText": [Function],
  "queryAllByTitle": [Function],
  "queryByAltText": [Function],
  "queryByDisplayValue": [Function],
  "queryByLabelText": [Function],
  "queryByPlaceholderText": [Function],
  "queryByRole": [Function],
  "queryByTestId": [Function],
  "queryByText": [Function],
  "queryByTitle": [Function],
  "rerender": [Function],
  "unmount": [Function],
}
`;
